[debug] [2026-08-25T08:18:45.186Z] ----------------------------------------------------------------------
[debug] [2026-08-25T08:18:45.189Z] Command:       C:\Program Files\nodejs\node.exe C:\Users\manus\AppData\Roaming\npm\node_modules\firebase-tools\lib\bin\firebase.js apphosting:backends:create --project infact-attendance-128ee
[debug] [2026-08-25T08:18:45.189Z] CLI Version:   15.19.0
[debug] [2026-08-25T08:18:45.189Z] Platform:      win32
[debug] [2026-08-25T08:18:45.189Z] Node Version:  v20.20.0
[debug] [2026-08-25T08:18:45.189Z] Time:          Tue Aug 25 2026 13:48:45 GMT+0530 (India Standard Time)
[debug] [2026-08-25T08:18:45.190Z] ----------------------------------------------------------------------
[debug] 
[debug] [2026-08-25T08:18:46.016Z] > command requires scopes: ["email","openid","https://www.googleapis.com/auth/cloudplatformprojects.readonly","https://www.googleapis.com/auth/firebase","https://www.googleapis.com/auth/cloud-platform"]
[debug] [2026-08-25T08:18:46.016Z] > authorizing via signed-in user (m4nuj4y4@gmail.com)
[debug] [2026-08-25T08:18:46.019Z] Checked if tokens are valid: true, expires at: 1787647835192
[debug] [2026-08-25T08:18:46.019Z] Checked if tokens are valid: true, expires at: 1787647835192
[debug] [2026-08-25T08:18:46.020Z] Checked if tokens are valid: true, expires at: 1787647835192
[debug] [2026-08-25T08:18:46.021Z] Checked if tokens are valid: true, expires at: 1787647835192
[debug] [2026-08-25T08:18:46.021Z] Checked if tokens are valid: true, expires at: 1787647835192
[debug] [2026-08-25T08:18:46.021Z] Checked if tokens are valid: true, expires at: 1787647835192
[debug] [2026-08-25T08:18:46.023Z] Checked if tokens are valid: true, expires at: 1787647835192
[debug] [2026-08-25T08:18:46.023Z] Checked if tokens are valid: true, expires at: 1787647835192
[debug] [2026-08-25T08:18:46.024Z] >>> [apiv2][query] GET https://serviceusage.googleapis.com/v1/projects/infact-attendance-128ee/services/developerconnect.googleapis.com [none]
[debug] [2026-08-25T08:18:46.024Z] >>> [apiv2][(partial)header] GET https://serviceusage.googleapis.com/v1/projects/infact-attendance-128ee/services/developerconnect.googleapis.com  x-goog-user-project=infact-attendance-128ee
[debug] [2026-08-25T08:18:46.073Z] >>> [apiv2][query] GET https://serviceusage.googleapis.com/v1/projects/infact-attendance-128ee/services/secretmanager.googleapis.com [none]
[debug] [2026-08-25T08:18:46.073Z] >>> [apiv2][(partial)header] GET https://serviceusage.googleapis.com/v1/projects/infact-attendance-128ee/services/secretmanager.googleapis.com  x-goog-user-project=infact-attendance-128ee
[debug] [2026-08-25T08:18:46.074Z] >>> [apiv2][query] GET https://serviceusage.googleapis.com/v1/projects/infact-attendance-128ee/services/run.googleapis.com [none]
[debug] [2026-08-25T08:18:46.074Z] >>> [apiv2][(partial)header] GET https://serviceusage.googleapis.com/v1/projects/infact-attendance-128ee/services/run.googleapis.com  x-goog-user-project=infact-attendance-128ee
[debug] [2026-08-25T08:18:46.075Z] >>> [apiv2][query] GET https://serviceusage.googleapis.com/v1/projects/infact-attendance-128ee/services/iam.googleapis.com [none]
[debug] [2026-08-25T08:18:46.075Z] >>> [apiv2][(partial)header] GET https://serviceusage.googleapis.com/v1/projects/infact-attendance-128ee/services/iam.googleapis.com  x-goog-user-project=infact-attendance-128ee
[debug] [2026-08-25T08:18:48.139Z] <<< [apiv2][status] GET https://serviceusage.googleapis.com/v1/projects/infact-attendance-128ee/services/iam.googleapis.com 200
[debug] [2026-08-25T08:18:48.140Z] <<< [apiv2][body] GET https://serviceusage.googleapis.com/v1/projects/infact-attendance-128ee/services/iam.googleapis.com [omitted]
[debug] [2026-08-25T08:18:48.147Z] <<< [apiv2][status] GET https://serviceusage.googleapis.com/v1/projects/infact-attendance-128ee/services/developerconnect.googleapis.com 200
[debug] [2026-08-25T08:18:48.147Z] <<< [apiv2][body] GET https://serviceusage.googleapis.com/v1/projects/infact-attendance-128ee/services/developerconnect.googleapis.com [omitted]
[debug] [2026-08-25T08:18:48.665Z] <<< [apiv2][status] GET https://serviceusage.googleapis.com/v1/projects/infact-attendance-128ee/services/secretmanager.googleapis.com 200
[debug] [2026-08-25T08:18:48.665Z] <<< [apiv2][body] GET https://serviceusage.googleapis.com/v1/projects/infact-attendance-128ee/services/secretmanager.googleapis.com [omitted]
[debug] [2026-08-25T08:18:48.673Z] <<< [apiv2][status] GET https://serviceusage.googleapis.com/v1/projects/infact-attendance-128ee/services/run.googleapis.com 200
[debug] [2026-08-25T08:18:48.673Z] <<< [apiv2][body] GET https://serviceusage.googleapis.com/v1/projects/infact-attendance-128ee/services/run.googleapis.com [omitted]
[debug] [2026-08-25T08:18:48.679Z] Checked if tokens are valid: true, expires at: 1787647835192
[debug] [2026-08-25T08:18:48.680Z] Checked if tokens are valid: true, expires at: 1787647835192
[debug] [2026-08-25T08:18:48.680Z] >>> [apiv2][query] POST https://iam.googleapis.com/v1/projects/infact-attendance-128ee/serviceAccounts/firebase-app-hosting-compute@infact-attendance-128ee.iam.gserviceaccount.com:testIamPermissions [none]
[debug] [2026-08-25T08:18:48.680Z] >>> [apiv2][(partial)header] POST https://iam.googleapis.com/v1/projects/infact-attendance-128ee/serviceAccounts/firebase-app-hosting-compute@infact-attendance-128ee.iam.gserviceaccount.com:testIamPermissions  x-goog-user-project=infact-attendance-128ee
[debug] [2026-08-25T08:18:48.680Z] >>> [apiv2][body] POST https://iam.googleapis.com/v1/projects/infact-attendance-128ee/serviceAccounts/firebase-app-hosting-compute@infact-attendance-128ee.iam.gserviceaccount.com:testIamPermissions {"permissions":["iam.serviceAccounts.actAs"]}
[debug] [2026-08-25T08:18:50.868Z] <<< [apiv2][status] POST https://iam.googleapis.com/v1/projects/infact-attendance-128ee/serviceAccounts/firebase-app-hosting-compute@infact-attendance-128ee.iam.gserviceaccount.com:testIamPermissions 200
[debug] [2026-08-25T08:18:50.868Z] <<< [apiv2][body] POST https://iam.googleapis.com/v1/projects/infact-attendance-128ee/serviceAccounts/firebase-app-hosting-compute@infact-attendance-128ee.iam.gserviceaccount.com:testIamPermissions {"permissions":["iam.serviceAccounts.actAs"]}
[debug] [2026-08-25T08:18:50.869Z] Checked if tokens are valid: true, expires at: 1787647835192
[debug] [2026-08-25T08:18:50.869Z] Checked if tokens are valid: true, expires at: 1787647835192
[debug] [2026-08-25T08:18:50.869Z] >>> [apiv2][query] POST https://iam.googleapis.com/v1/projects/infact-attendance-128ee/serviceAccounts [none]
[debug] [2026-08-25T08:18:50.869Z] >>> [apiv2][body] POST https://iam.googleapis.com/v1/projects/infact-attendance-128ee/serviceAccounts {"accountId":"firebase-app-hosting-compute","serviceAccount":{"displayName":"Firebase App Hosting compute service account","description":"Default service account used to run builds and deploys for Firebase App Hosting"}}
[debug] [2026-08-25T08:18:52.771Z] <<< [apiv2][status] POST https://iam.googleapis.com/v1/projects/infact-attendance-128ee/serviceAccounts 409
[debug] [2026-08-25T08:18:52.771Z] <<< [apiv2][body] POST https://iam.googleapis.com/v1/projects/infact-attendance-128ee/serviceAccounts [omitted]
[debug] [2026-08-25T08:18:52.772Z] Checked if tokens are valid: true, expires at: 1787647835192
[debug] [2026-08-25T08:18:52.772Z] Checked if tokens are valid: true, expires at: 1787647835192
[debug] [2026-08-25T08:18:52.773Z] >>> [apiv2][query] POST https://cloudresourcemanager.googleapis.com/v1/projects/infact-attendance-128ee:getIamPolicy [none]
[debug] [2026-08-25T08:18:54.881Z] <<< [apiv2][status] POST https://cloudresourcemanager.googleapis.com/v1/projects/infact-attendance-128ee:getIamPolicy 200
[debug] [2026-08-25T08:18:54.882Z] <<< [apiv2][body] POST https://cloudresourcemanager.googleapis.com/v1/projects/infact-attendance-128ee:getIamPolicy {"version":1,"etag":"BwZZ2pSw1WE=","bindings":[{"role":"roles/artifactregistry.serviceAgent","members":["serviceAccount:service-933348491450@gcp-sa-artifactregistry.iam.gserviceaccount.com"]},{"role":"roles/cloudbuild.builds.builder","members":["serviceAccount:933348491450@cloudbuild.gserviceaccount.com"]},{"role":"roles/cloudbuild.serviceAgent","members":["serviceAccount:service-933348491450@gcp-sa-cloudbuild.iam.gserviceaccount.com"]},{"role":"roles/cloudfunctions.serviceAgent","members":["serviceAccount:service-933348491450@gcf-admin-robot.iam.gserviceaccount.com"]},{"role":"roles/cloudscheduler.serviceAgent","members":["serviceAccount:service-933348491450@gcp-sa-cloudscheduler.iam.gserviceaccount.com"]},{"role":"roles/containerregistry.ServiceAgent","members":["serviceAccount:service-933348491450@containerregistry.iam.gserviceaccount.com"]},{"role":"roles/developerconnect.readTokenAccessor","members":["serviceAccount:firebase-app-hosting-compute@infact-attendance-128ee.iam.gserviceaccount.com"]},{"role":"roles/developerconnect.serviceAgent","members":["serviceAccount:service-933348491450@gcp-sa-devconnect.iam.gserviceaccount.com"]},{"role":"roles/editor","members":["serviceAccount:933348491450-compute@developer.gserviceaccount.com","serviceAccount:933348491450@cloudservices.gserviceaccount.com","serviceAccount:infact-attendance-128ee@appspot.gserviceaccount.com"]},{"role":"roles/eventarc.eventReceiver","members":["serviceAccount:933348491450-compute@developer.gserviceaccount.com"]},{"role":"roles/eventarc.serviceAgent","members":["serviceAccount:service-933348491450@gcp-sa-eventarc.iam.gserviceaccount.com"]},{"role":"roles/firebase.managementServiceAgent","members":["serviceAccount:service-933348491450@gcp-sa-firebase.iam.gserviceaccount.com"]},{"role":"roles/firebase.sdkAdminServiceAgent","members":["serviceAccount:firebase-adminsdk-fbsvc@infact-attendance-128ee.iam.gserviceaccount.com","serviceAccount:firebase-app-hosting-compute@infact-attendance-128ee.iam.gserviceaccount.com"]},{"role":"roles/firebaseapphosting.computeRunner","members":["serviceAccount:firebase-app-hosting-compute@infact-attendance-128ee.iam.gserviceaccount.com"]},{"role":"roles/firebaseapphosting.serviceAgent","members":["serviceAccount:service-933348491450@gcp-sa-firebaseapphosting.iam.gserviceaccount.com"]},{"role":"roles/firebaseauth.admin","members":["serviceAccount:firebase-adminsdk-fbsvc@infact-attendance-128ee.iam.gserviceaccount.com"]},{"role":"roles/firebasedatabase.admin","members":["serviceAccount:firebase-adminsdk-fbsvc@infact-attendance-128ee.iam.gserviceaccount.com"]},{"role":"roles/firebasemods.serviceAgent","members":["serviceAccount:service-933348491450@gcp-sa-firebasemods.iam.gserviceaccount.com"]},{"role":"roles/firebaserules.system","members":["serviceAccount:service-933348491450@firebase-rules.iam.gserviceaccount.com"]},{"role":"roles/firestore.serviceAgent","members":["serviceAccount:service-933348491450@gcp-sa-firestore.iam.gserviceaccount.com"]},{"role":"roles/iam.serviceAccountTokenCreator","members":["serviceAccount:firebase-adminsdk-fbsvc@infact-attendance-128ee.iam.gserviceaccount.com","serviceAccount:service-933348491450@gcp-sa-pubsub.iam.gserviceaccount.com"]},{"role":"roles/owner","members":["user:m4nuj4y4@gmail.com"]},{"role":"roles/pubsub.serviceAgent","members":["serviceAccount:service-933348491450@gcp-sa-pubsub.iam.gserviceaccount.com"]},{"role":"roles/run.invoker","members":["serviceAccount:933348491450-compute@developer.gserviceaccount.com"]},{"role":"roles/run.serviceAgent","members":["serviceAccount:service-933348491450@serverless-robot-prod.iam.gserviceaccount.com"]},{"role":"roles/secretmanager.admin_withcond_4a860005d84f230bfe22","members":["serviceAccount:service-933348491450@gcp-sa-devconnect.iam.gserviceaccount.com"]},{"role":"roles/secretmanager.secretAccessor_withcond_1c5d8ecdb10aaa6e8f0a","members":["serviceAccount:933348491450-compute@developer.gserviceaccount.com"]}]}
[debug] [2026-08-25T08:18:54.882Z] Checked if tokens are valid: true, expires at: 1787647835192
[debug] [2026-08-25T08:18:54.882Z] Checked if tokens are valid: true, expires at: 1787647835192
[debug] [2026-08-25T08:18:54.882Z] >>> [apiv2][query] POST https://cloudresourcemanager.googleapis.com/v1/projects/infact-attendance-128ee:setIamPolicy [none]
[debug] [2026-08-25T08:18:54.882Z] >>> [apiv2][body] POST https://cloudresourcemanager.googleapis.com/v1/projects/infact-attendance-128ee:setIamPolicy {"policy":{"version":1,"etag":"BwZZ2pSw1WE=","bindings":[{"role":"roles/artifactregistry.serviceAgent","members":["serviceAccount:service-933348491450@gcp-sa-artifactregistry.iam.gserviceaccount.com"]},{"role":"roles/cloudbuild.builds.builder","members":["serviceAccount:933348491450@cloudbuild.gserviceaccount.com"]},{"role":"roles/cloudbuild.serviceAgent","members":["serviceAccount:service-933348491450@gcp-sa-cloudbuild.iam.gserviceaccount.com"]},{"role":"roles/cloudfunctions.serviceAgent","members":["serviceAccount:service-933348491450@gcf-admin-robot.iam.gserviceaccount.com"]},{"role":"roles/cloudscheduler.serviceAgent","members":["serviceAccount:service-933348491450@gcp-sa-cloudscheduler.iam.gserviceaccount.com"]},{"role":"roles/containerregistry.ServiceAgent","members":["serviceAccount:service-933348491450@containerregistry.iam.gserviceaccount.com"]},{"role":"roles/developerconnect.readTokenAccessor","members":["serviceAccount:firebase-app-hosting-compute@infact-attendance-128ee.iam.gserviceaccount.com"]},{"role":"roles/developerconnect.serviceAgent","members":["serviceAccount:service-933348491450@gcp-sa-devconnect.iam.gserviceaccount.com"]},{"role":"roles/editor","members":["serviceAccount:933348491450-compute@developer.gserviceaccount.com","serviceAccount:933348491450@cloudservices.gserviceaccount.com","serviceAccount:infact-attendance-128ee@appspot.gserviceaccount.com"]},{"role":"roles/eventarc.eventReceiver","members":["serviceAccount:933348491450-compute@developer.gserviceaccount.com"]},{"role":"roles/eventarc.serviceAgent","members":["serviceAccount:service-933348491450@gcp-sa-eventarc.iam.gserviceaccount.com"]},{"role":"roles/firebase.managementServiceAgent","members":["serviceAccount:service-933348491450@gcp-sa-firebase.iam.gserviceaccount.com"]},{"role":"roles/firebase.sdkAdminServiceAgent","members":["serviceAccount:firebase-adminsdk-fbsvc@infact-attendance-128ee.iam.gserviceaccount.com","serviceAccount:firebase-app-hosting-compute@infact-attendance-128ee.iam.gserviceaccount.com"]},{"role":"roles/firebaseapphosting.computeRunner","members":["serviceAccount:firebase-app-hosting-compute@infact-attendance-128ee.iam.gserviceaccount.com"]},{"role":"roles/firebaseapphosting.serviceAgent","members":["serviceAccount:service-933348491450@gcp-sa-firebaseapphosting.iam.gserviceaccount.com"]},{"role":"roles/firebaseauth.admin","members":["serviceAccount:firebase-adminsdk-fbsvc@infact-attendance-128ee.iam.gserviceaccount.com"]},{"role":"roles/firebasedatabase.admin","members":["serviceAccount:firebase-adminsdk-fbsvc@infact-attendance-128ee.iam.gserviceaccount.com"]},{"role":"roles/firebasemods.serviceAgent","members":["serviceAccount:service-933348491450@gcp-sa-firebasemods.iam.gserviceaccount.com"]},{"role":"roles/firebaserules.system","members":["serviceAccount:service-933348491450@firebase-rules.iam.gserviceaccount.com"]},{"role":"roles/firestore.serviceAgent","members":["serviceAccount:service-933348491450@gcp-sa-firestore.iam.gserviceaccount.com"]},{"role":"roles/iam.serviceAccountTokenCreator","members":["serviceAccount:firebase-adminsdk-fbsvc@infact-attendance-128ee.iam.gserviceaccount.com","serviceAccount:service-933348491450@gcp-sa-pubsub.iam.gserviceaccount.com"]},{"role":"roles/owner","members":["user:m4nuj4y4@gmail.com"]},{"role":"roles/pubsub.serviceAgent","members":["serviceAccount:service-933348491450@gcp-sa-pubsub.iam.gserviceaccount.com"]},{"role":"roles/run.invoker","members":["serviceAccount:933348491450-compute@developer.gserviceaccount.com"]},{"role":"roles/run.serviceAgent","members":["serviceAccount:service-933348491450@serverless-robot-prod.iam.gserviceaccount.com"]},{"role":"roles/secretmanager.admin_withcond_4a860005d84f230bfe22","members":["serviceAccount:service-933348491450@gcp-sa-devconnect.iam.gserviceaccount.com"]},{"role":"roles/secretmanager.secretAccessor_withcond_1c5d8ecdb10aaa6e8f0a","members":["serviceAccount:933348491450-compute@developer.gserviceaccount.com"]},{"role":"roles/storage.objectViewer","members":["serviceAccount:firebase-app-hosting-compute@infact-attendance-128ee.iam.gserviceaccount.com"]}]},"updateMask":"bindings"}
[debug] [2026-08-25T08:18:56.228Z] <<< [apiv2][status] POST https://cloudresourcemanager.googleapis.com/v1/projects/infact-attendance-128ee:setIamPolicy 200
[debug] [2026-08-25T08:18:56.228Z] <<< [apiv2][body] POST https://cloudresourcemanager.googleapis.com/v1/projects/infact-attendance-128ee:setIamPolicy {"version":1,"etag":"BwZZ2sEFzxk=","bindings":[{"role":"roles/artifactregistry.serviceAgent","members":["serviceAccount:service-933348491450@gcp-sa-artifactregistry.iam.gserviceaccount.com"]},{"role":"roles/cloudbuild.builds.builder","members":["serviceAccount:933348491450@cloudbuild.gserviceaccount.com"]},{"role":"roles/cloudbuild.serviceAgent","members":["serviceAccount:service-933348491450@gcp-sa-cloudbuild.iam.gserviceaccount.com"]},{"role":"roles/cloudfunctions.serviceAgent","members":["serviceAccount:service-933348491450@gcf-admin-robot.iam.gserviceaccount.com"]},{"role":"roles/cloudscheduler.serviceAgent","members":["serviceAccount:service-933348491450@gcp-sa-cloudscheduler.iam.gserviceaccount.com"]},{"role":"roles/containerregistry.ServiceAgent","members":["serviceAccount:service-933348491450@containerregistry.iam.gserviceaccount.com"]},{"role":"roles/developerconnect.readTokenAccessor","members":["serviceAccount:firebase-app-hosting-compute@infact-attendance-128ee.iam.gserviceaccount.com"]},{"role":"roles/developerconnect.serviceAgent","members":["serviceAccount:service-933348491450@gcp-sa-devconnect.iam.gserviceaccount.com"]},{"role":"roles/editor","members":["serviceAccount:933348491450-compute@developer.gserviceaccount.com","serviceAccount:933348491450@cloudservices.gserviceaccount.com","serviceAccount:infact-attendance-128ee@appspot.gserviceaccount.com"]},{"role":"roles/eventarc.eventReceiver","members":["serviceAccount:933348491450-compute@developer.gserviceaccount.com"]},{"role":"roles/eventarc.serviceAgent","members":["serviceAccount:service-933348491450@gcp-sa-eventarc.iam.gserviceaccount.com"]},{"role":"roles/firebase.managementServiceAgent","members":["serviceAccount:service-933348491450@gcp-sa-firebase.iam.gserviceaccount.com"]},{"role":"roles/firebase.sdkAdminServiceAgent","members":["serviceAccount:firebase-adminsdk-fbsvc@infact-attendance-128ee.iam.gserviceaccount.com","serviceAccount:firebase-app-hosting-compute@infact-attendance-128ee.iam.gserviceaccount.com"]},{"role":"roles/firebaseapphosting.computeRunner","members":["serviceAccount:firebase-app-hosting-compute@infact-attendance-128ee.iam.gserviceaccount.com"]},{"role":"roles/firebaseapphosting.serviceAgent","members":["serviceAccount:service-933348491450@gcp-sa-firebaseapphosting.iam.gserviceaccount.com"]},{"role":"roles/firebaseauth.admin","members":["serviceAccount:firebase-adminsdk-fbsvc@infact-attendance-128ee.iam.gserviceaccount.com"]},{"role":"roles/firebasedatabase.admin","members":["serviceAccount:firebase-adminsdk-fbsvc@infact-attendance-128ee.iam.gserviceaccount.com"]},{"role":"roles/firebasemods.serviceAgent","members":["serviceAccount:service-933348491450@gcp-sa-firebasemods.iam.gserviceaccount.com"]},{"role":"roles/firebaserules.system","members":["serviceAccount:service-933348491450@firebase-rules.iam.gserviceaccount.com"]},{"role":"roles/firestore.serviceAgent","members":["serviceAccount:service-933348491450@gcp-sa-firestore.iam.gserviceaccount.com"]},{"role":"roles/iam.serviceAccountTokenCreator","members":["serviceAccount:firebase-adminsdk-fbsvc@infact-attendance-128ee.iam.gserviceaccount.com","serviceAccount:service-933348491450@gcp-sa-pubsub.iam.gserviceaccount.com"]},{"role":"roles/owner","members":["user:m4nuj4y4@gmail.com"]},{"role":"roles/pubsub.serviceAgent","members":["serviceAccount:service-933348491450@gcp-sa-pubsub.iam.gserviceaccount.com"]},{"role":"roles/run.invoker","members":["serviceAccount:933348491450-compute@developer.gserviceaccount.com"]},{"role":"roles/run.serviceAgent","members":["serviceAccount:service-933348491450@serverless-robot-prod.iam.gserviceaccount.com"]},{"role":"roles/secretmanager.admin_withcond_4a860005d84f230bfe22","members":["serviceAccount:service-933348491450@gcp-sa-devconnect.iam.gserviceaccount.com"]},{"role":"roles/secretmanager.secretAccessor_withcond_1c5d8ecdb10aaa6e8f0a","members":["serviceAccount:933348491450-compute@developer.gserviceaccount.com"]},{"role":"roles/storage.objectViewer","members":["serviceAccount:firebase-app-hosting-compute@infact-attendance-128ee.iam.gserviceaccount.com"]}]}
[debug] [2026-08-25T08:18:56.228Z] Checked if tokens are valid: true, expires at: 1787647835192
[debug] [2026-08-25T08:18:56.228Z] Checked if tokens are valid: true, expires at: 1787647835192
[debug] [2026-08-25T08:18:56.229Z] >>> [apiv2][query] GET https://firebaseapphosting.googleapis.com/v1beta/projects/infact-attendance-128ee/locations 
[debug] [2026-08-25T08:18:58.049Z] <<< [apiv2][status] GET https://firebaseapphosting.googleapis.com/v1beta/projects/infact-attendance-128ee/locations 200
[debug] [2026-08-25T08:18:58.049Z] <<< [apiv2][body] GET https://firebaseapphosting.googleapis.com/v1beta/projects/infact-attendance-128ee/locations {"locations":[{"name":"projects/infact-attendance-128ee/locations/asia-east1","locationId":"asia-east1","displayName":"Taiwan"},{"name":"projects/infact-attendance-128ee/locations/asia-southeast1","locationId":"asia-southeast1","displayName":"Singapore"},{"name":"projects/infact-attendance-128ee/locations/europe-west4","locationId":"europe-west4","displayName":"Netherlands"},{"name":"projects/infact-attendance-128ee/locations/us-central1","locationId":"us-central1","displayName":"Iowa"},{"name":"projects/infact-attendance-128ee/locations/us-east4","locationId":"us-east4","displayName":"Northern Virginia"},{"name":"projects/infact-attendance-128ee/locations/us-east5","locationId":"us-east5","displayName":"Columbus"}]}
[info] +  Location set to asia-southeast1.
 
[info] i  === Set up your backend 
[debug] [2026-08-25T08:19:20.232Z] Checked if tokens are valid: true, expires at: 1787647835192
[debug] [2026-08-25T08:19:20.233Z] Checked if tokens are valid: true, expires at: 1787647835192
[debug] [2026-08-25T08:19:20.233Z] >>> [apiv2][query] GET https://firebaseapphosting.googleapis.com/v1beta/projects/infact-attendance-128ee/locations/asia-southeast1/backends/infact-pulse [none]
[debug] [2026-08-25T08:19:21.142Z] <<< [apiv2][status] GET https://firebaseapphosting.googleapis.com/v1beta/projects/infact-attendance-128ee/locations/asia-southeast1/backends/infact-pulse 200
[debug] [2026-08-25T08:19:21.142Z] <<< [apiv2][body] GET https://firebaseapphosting.googleapis.com/v1beta/projects/infact-attendance-128ee/locations/asia-southeast1/backends/infact-pulse {"name":"projects/infact-attendance-128ee/locations/asia-southeast1/backends/infact-pulse","createTime":"2026-08-25T08:10:39.001600570Z","updateTime":"2026-08-25T08:10:42.329169Z","uri":"infact-pulse--infact-attendance-128ee.asia-southeast1.hosted.app","codebase":{"repository":"projects/infact-attendance-128ee/locations/asia-southeast1/connections/apphosting-github-conn-cgf61p/gitRepositoryLinks/yakaSl-attendence-system","rootDirectory":"/"},"uid":"91159bd7-ddd2-4a5b-96b7-95572c1382f8","etag":"gcEIhK0PUV9B4F1ht_RFU4QE3w10R9gP5yhUwmGnR6I","reconciling":false,"servingLocality":"GLOBAL_ACCESS","serviceAccount":"firebase-app-hosting-compute@infact-attendance-128ee.iam.gserviceaccount.com","appId":"1:933348491450:web:572aafd74ad60a22260283","runtime":{"value":"nodejs24"}}
[warn] !  Backend with id infact-pulse already exists in asia-southeast1 
[debug] [2026-08-25T08:28:07.414Z] ExitPromptError: User force closed the prompt with SIGINT
    at Interface.sigint (C:\Users\manus\AppData\Roaming\npm\node_modules\firebase-tools\node_modules\@inquirer\core\dist\commonjs\lib\create-prompt.js:101:37)
    at Interface.emit (node:events:524:28)
    at [_ttyWrite] [as _ttyWrite] (node:internal/readline/interface:1134:18)
    at ReadStream.onkeypress (node:internal/readline/interface:267:20)
    at ReadStream.emit (node:events:536:35)
    at emitKeys (node:internal/readline/utils:371:14)
    at emitKeys.next (<anonymous>)
    at ReadStream.onData (node:internal/readline/emitKeypressEvents:64:36)
    at ReadStream.emit (node:events:524:28)
    at addChunk (node:internal/streams/readable:561:12)
[error] 
[error] Error: An unexpected error has occurred.
